[PASS] 1 battery: anchor-variant rows == 1062  (1062)
[PASS] 1 battery: primary rows == 665  (665)
[PASS] 1 battery: dropped words == 25  (25)
[PASS] 1 battery: E/U slices shaped (1062, 3584) bf16
[PASS] 1 battery: revision pinned a09a3545  (a09a35458c70)
[PASS] 1 battery: multi-digit numbers all dropped (digit-split tokenizer)
[PASS] 1 capture: padded rows == 399  (399)
[PASS] 1 capture: padded rows are exactly zero (norm median 0)
[PASS] 1 capture: near-zero real rows == 1959  (1959)
[PASS] 1 capture: real-row norm median ~0.859  (0.859)
[PASS] 2 isotropy: random-pair cosine (raw) +0.0097  (+0.0097)
[PASS] 2 isotropy: random-pair cosine (centered) +0.0007  (+0.0007)
[PASS] 2 isotropy: mean cos-to-mu +0.0980  (+0.0980)
[PASS] 3 pca: PC1 variance fraction 1.21%  (0.0121)
[PASS] 3 pca: top-10 variance 4.68%  (0.0468)
[PASS] 3 pca: top-50 variance 12.13%  (0.1213)
[PASS] 3 pca: participation ratio ~1003  (1003)
[PASS] 4 e-vs-u: per-token cos(E,U) mean +0.0017  (+0.0017)
[PASS] 4 e-vs-u: no token with cos(E,U) > 0.5
[PASS] 4 e-vs-u: U is trained, not degenerate (norm median ~0.697)  (0.697)
[PASS] 4 e-vs-u: month within-cos in U-space +0.439  (+0.439)
[PASS] 5 category: number within-between gap +0.428 (centered)  (+0.428)
[PASS] 5 category: month within-between gap +0.416 (centered)  (+0.416)
[PASS] 5 category: day_of_week within-between gap +0.400 (centered)  (+0.400)
[PASS] 5 category: auxiliary within-between gap +0.286 (centered)  (+0.286)
[PASS] 5 category: pronoun within-between gap +0.266 (centered)  (+0.266)
[PASS] 5 category: formal within-between gap +0.052 (centered)  (+0.052)
[PASS] 5 category: positive within-between gap +0.045 (centered)  (+0.045)
[PASS] 5 category: case_lower within-between gap +0.023 (centered)  (+0.023)
[PASS] 5 category: topic tier spans +0.08-0.18 (F-C1 named topics; country top, animal floor)  (animal +0.078 .. country +0.179)
[PASS] 5 category: emb_category_stats.pt agrees with re-derivation (number)  (+0.4279)
[PASS] 6 neighbors: ' France' raw top-1 is 'France'  ('France')
[PASS] 6 neighbors: ' France' raw top-15 contains Chinese exonym 法国
[PASS] 6 neighbors: ' Paris' raw top-1 is 'Paris'  ('Paris')
[PASS] 6 neighbors: ' Paris' raw top-5 contains 巴黎
[PASS] 6 neighbors: ' dog' raw top-1 is ' Dog'  (' Dog')
[PASS] 7 pairs: lang_of consistency +0.4896  (+0.4896)
[PASS] 7 pairs: lang_of shuffle baseline +0.4503  (+0.4503)
[PASS] 7 pairs: past consistency +0.4228  (+0.4228)
[PASS] 7 pairs: past shuffle baseline +0.3684  (+0.3684)
[PASS] 7 pairs: gender consistency +0.3859  (+0.3859)
[PASS] 7 pairs: gender shuffle baseline +0.3380  (+0.3380)
[PASS] 7 pairs: plural consistency +0.3097  (+0.3097)
[PASS] 7 pairs: plural shuffle baseline +0.2618  (+0.2618)
[PASS] 7 pairs: space_twin consistency +0.1968  (+0.1968)
[PASS] 7 pairs: space_twin shuffle baseline +0.1577  (+0.1577)
[PASS] 7 pairs: 11 pair kinds, all 11 beat their within-kind permutation baseline  (11/11)
[PASS] 7 pairs: pair-specific margins +0.02-0.05, largest is `past` (morphology)  (xlat +0.0156 .. past +0.0544)
[PASS] 8 fullvocab: stage == full
[PASS] 8 fullvocab: alive rows == 149706  (149706)
[PASS] 8 fullvocab: kurtosis max 116.3  (116.3)
[PASS] 8 fullvocab: kurtosis median 0.32  (0.32)
[PASS] 8 fullvocab: dim-corr |r| mean 0.0210  (0.0210)
[PASS] 8 fullvocab: dim-corr |r| max 0.726  (0.726)
[PASS] 8 fullvocab: kNN top-1 cosine mean +0.314  (+0.314)
[PASS] 8 fullvocab: kNN 32nd cosine mean +0.159  (+0.159)
[PASS] 8 fullvocab: exactly one entangled block (>1 dim) at |r|>0.3, size 21  ([21])
[PASS] 8 fullvocab: block contains dims 1395/2898/822 (top-kurtosis structural dims)
[PASS] 8 fullvocab: negative-handle out-of-battery hits == 60  (60)
[PASS] 8 fullvocab: negative-handle top hits include ' shitty'/' nasty' (content)
[PASS] 8 fullvocab: 542 kNN communities; giant component 122,942  (542 / 122942)
[PASS] 8 fullvocab: block norm fraction vs token-id Spearman -0.206 (control -0.003)  (-0.2064 / -0.0027)
[PASS] 8 fullvocab: block head-loading: decile-1 mean 0.1143 vs control 0.0753  (0.1143 / 0.0753)
[PASS] 8 fullvocab: block top tokens are cross-script structural (',' '，' ' the' all top-5)  ([',', '.', '，', ' the', '\n'])
[PASS] 8 fullvocab: script-independence: block mean elevated over control for ascii+cjk+cyrillic
[PASS] 9 trace: dim 458 is a massive-activation dim: |peak| > 10000, first layer 1, arc-1 sink  (peak -12608.0)
[PASS] 9 trace: massive-dim overlap with arc-1 layer-20 sinks == {458, 1427, 2570}  ([458, 1427, 2570])
[PASS] 9 trace: block dims in the census are layer-0 echoes only (first_layer 0, |peak| < 10)  ([822, 1395, 1926, 3404])
[PASS] 9 trace: q-head block/control read ratio max ~3.28 (L0H15)  (3.282)
[PASS] 9 trace: v under-reads the block (mean ratio ~0.903)  (0.903)
[PASS] 9 trace: P2: delimiter block-frac 0.921 at L0 collapsing to 0.199 at L1 (ctrl 0.160)  (0.9209 -> 0.1994)
[PASS] 9 trace: carrier: block top-SV 15.58 at L1, 13.13 at L28; control 3.93 at L28  (L1 15.584, L28 13.127 vs 3.928)
[PASS] 9 trace: carrier: block top-SV exceeds control at EVERY layer  (min ratio 1.13)
[PASS] 9 trace: in-block corr mass collapses 0.109 (L0) -> 0.031 (L1)  (0.109 -> 0.031)
[PASS] 9 trace: original dims 2604/1395/1122 persist among top-10 carriers at L20  ([2604, 1445, 1395, 1122, 19, 1865, 3128, 2273, 3567, 2685])
[PASS] 9 trace: stable carrier band L4-26: block dims 1395+2604 top-10 at every layer, both gone at L28 (L27->L28 overlap 2/10)  (23/23 layers, L27->L28 overlap 2/10)
[PASS] 9 trace: attention delta block-frac peaks at L1 (~0.175)  (argmax L1, 0.1754)
[PASS] 9 trace: input-RMSNorm block/control gain ~2.15 at L1 and ~3.28 at L27  (L1 2.15, L27 3.28)
[PASS] 9 trace: FFN static READS of block dims are neutral (all layers in [0.94, 1.01])  (range [0.949, 1.001])
[PASS] 9 trace: FFN WRITES into block dims mildly suppressed late (min ~0.822 at L24; all <= 1.06)  (min 0.822 at L24)
[PASS] 10 T2attn: corpus pair counts: 637 delim->delim, 155 period->comma  (637 / 155)
[PASS] 10 T2attn: inter-delimiter offset median == 8 tokens  (8)
[PASS] 10 T2attn: P1a: 26 delimiter-tracking heads (d2d/c2c>=3x AND excess>=0.03)  (26)
[PASS] 10 T2attn: qualifying heads live in layers {0,1,2,3,10}  ([0, 1, 2, 3, 10])
[PASS] 10 T2attn: top delimiter head is L0H13 (d2d 0.1784, c2c 0.0409, 4.37x)  (L0H13 4.37x)
[PASS] 10 T2attn: L0H3 has the extreme ratio 27.15x (d2d 0.1128, c2c 0.0042)  (27.15x)
[PASS] 10 T2attn: reader/delimiter overlap: 1/5 (L0H20) and 2/10 (L0H3, L0H20)  (top5 ['L0H20'], top10 ['L0H3', 'L0H20'])
[PASS] 10 T2attn: top block-reader L0H15 has delim excess +0.0744, rank 21/784, ratio 11.00x  (excess +0.0744 rank 21)
[PASS] 10 T2attn: P1c FAIL: comma-side d2d peak layer 0 AND period->comma p2c peak layer 0  (d2d L0, p2c L0)
[PASS] 10 T2attn: p2c max-head value 0.2193 at layer 0  (0.2193)
[PASS] 10 T2attn: P1d FAIL: dominant excess-logit band is 63 (wl ~5.06M tok, near-DC)  (band 63, wl 5063256)
[PASS] 10 T2attn: mid bands 0-7 (wl 6.3-28.5 tok) carry ~0.4%; near-DC (wl>1e4) carry ~99.1%  (mid 0.4% / slow 99.1%)
[PASS] 10 T2attn: delimiter queries attend LESS to pos 0 than controls (0.378 vs 0.406)  (0.378 vs 0.406)
[PASS] 10 T2attn: capture geometry: 28L x 28 q-heads, head_dim 128, rope_theta 1e6  (28L x 28H d128 theta1000000)
[PASS] 11 de-check: cos('的',' of')=0.626 > cos('的',' the')=0.519 — ' of' is the closer token  (of +0.6261 / the +0.5192)
[PASS] 11 de-check: block-ablated ordering: ' of' > "'s" > ' the' (0.364/0.334/0.256)  (+0.3642 / +0.3344 / +0.2560)
[PASS] 11 de-check: '的' top-2 full-vocab neighbors are ' of' (315) then ' the' (279)  (top2 [315, 279] of 152064 rows)
[PASS] 11 de-check: recomputed cosines match the recorded values (float16 row roundtrip)  (11 candidates x 2 metrics)
[PASS] 11 de-check: ','/'，' cosine RISES 0.615 -> 0.838 under block ablation (cross-script twins)  (+0.6154 -> +0.8384)
================================================================================
SUMMARY:  99 PASS  |  0 FAIL
================================================================================
