[transformers] `torch_dtype` is deprecated! Use `dtype` instead!
Loading weights:   0%|          | 0/338 [00:00<?, ?it/s]Loading weights:  22%|██▏       | 75/338 [00:00<00:00, 740.13it/s]Loading weights:  51%|█████     | 171/338 [00:00<00:00, 866.14it/s]Loading weights:  83%|████████▎ | 280/338 [00:00<00:00, 942.30it/s]Loading weights: 100%|██████████| 338/338 [00:00<00:00, 945.02it/s]
[setup] 30 prompts, layers=[0, 1, 2, 3, 4, 5, 6, 7, 8, 9, 10, 11, 12, 13, 14, 15, 16, 17, 18, 19, 20, 21, 22, 23, 24, 25, 26], |V|=151936, mode=scan grid
[pursuit] prompt 1/30 pos=9
[pursuit] prompt 2/30 pos=9
[pursuit] prompt 3/30 pos=9
[pursuit] prompt 4/30 pos=9
[pursuit] prompt 5/30 pos=9
[pursuit] prompt 6/30 pos=9
[pursuit] prompt 7/30 pos=9
[pursuit] prompt 8/30 pos=9
[pursuit] prompt 9/30 pos=9
[pursuit] prompt 10/30 pos=9
[pursuit] prompt 11/30 pos=9
[pursuit] prompt 12/30 pos=9
[pursuit] prompt 13/30 pos=9
[pursuit] prompt 14/30 pos=9
[pursuit] prompt 15/30 pos=9
[pursuit] prompt 16/30 pos=9
[pursuit] prompt 17/30 pos=9
[pursuit] prompt 18/30 pos=9
[pursuit] prompt 19/30 pos=9
[pursuit] prompt 20/30 pos=9
[pursuit] prompt 21/30 pos=9
[pursuit] prompt 22/30 pos=9
[pursuit] prompt 23/30 pos=9
[pursuit] prompt 24/30 pos=9
[pursuit] prompt 25/30 pos=9
[pursuit] prompt 26/30 pos=9
[pursuit] prompt 27/30 pos=9
[pursuit] prompt 28/30 pos=9
[pursuit] prompt 29/30 pos=9
[pursuit] prompt 30/30 pos=9
[validate] replicated-vs-stored varfrac@25 max|diff| = 0.000e+00
L 0 K=24 n=270 ours@25=0.1751 fveTopK=0.2096 fveRand=0.0554 EXCESS=+0.1542 CI95=[+0.1502,+0.1582] P(>10%)=1.000
L 1 K=24 n=270 ours@25=0.1613 fveTopK=0.1941 fveRand=0.0687 EXCESS=+0.1254 CI95=[+0.1220,+0.1288] P(>10%)=1.000
L 2 K=24 n=270 ours@25=0.1645 fveTopK=0.1984 fveRand=0.0667 EXCESS=+0.1317 CI95=[+0.1282,+0.1350] P(>10%)=1.000
L 3 K=24 n=270 ours@25=0.1467 fveTopK=0.1746 fveRand=0.0559 EXCESS=+0.1187 CI95=[+0.1156,+0.1217] P(>10%)=1.000
L 4 K=24 n=270 ours@25=0.1333 fveTopK=0.1603 fveRand=0.0553 EXCESS=+0.1051 CI95=[+0.1017,+0.1085] P(>10%)=0.998
L 5 K=24 n=270 ours@25=0.1341 fveTopK=0.1569 fveRand=0.0529 EXCESS=+0.1040 CI95=[+0.1010,+0.1070] P(>10%)=0.997
L 6 K=24 n=270 ours@25=0.1381 fveTopK=0.1566 fveRand=0.0514 EXCESS=+0.1052 CI95=[+0.1021,+0.1081] P(>10%)=1.000
L 7 K=24 n=270 ours@25=0.1371 fveTopK=0.1542 fveRand=0.0453 EXCESS=+0.1089 CI95=[+0.1060,+0.1118] P(>10%)=1.000
L 8 K=24 n=270 ours@25=0.1420 fveTopK=0.1574 fveRand=0.0429 EXCESS=+0.1145 CI95=[+0.1115,+0.1174] P(>10%)=1.000
L 9 K=24 n=270 ours@25=0.1372 fveTopK=0.1506 fveRand=0.0388 EXCESS=+0.1118 CI95=[+0.1086,+0.1153] P(>10%)=1.000
L10 K=24 n=270 ours@25=0.1417 fveTopK=0.1543 fveRand=0.0382 EXCESS=+0.1162 CI95=[+0.1125,+0.1199] P(>10%)=1.000
L11 K=24 n=270 ours@25=0.1241 fveTopK=0.1382 fveRand=0.0348 EXCESS=+0.1034 CI95=[+0.1002,+0.1064] P(>10%)=0.983
L12 K=24 n=270 ours@25=0.1143 fveTopK=0.1286 fveRand=0.0318 EXCESS=+0.0967 CI95=[+0.0937,+0.0998] P(>10%)=0.018
L13 K=24 n=270 ours@25=0.1080 fveTopK=0.1183 fveRand=0.0283 EXCESS=+0.0900 CI95=[+0.0872,+0.0929] P(>10%)=0.000
L14 K=24 n=270 ours@25=0.0993 fveTopK=0.1097 fveRand=0.0274 EXCESS=+0.0823 CI95=[+0.0798,+0.0849] P(>10%)=0.000
L15 K=24 n=270 ours@25=0.0924 fveTopK=0.1024 fveRand=0.0247 EXCESS=+0.0777 CI95=[+0.0751,+0.0802] P(>10%)=0.000
L16 K=24 n=270 ours@25=0.0808 fveTopK=0.0954 fveRand=0.0219 EXCESS=+0.0735 CI95=[+0.0712,+0.0758] P(>10%)=0.000
L17 K=24 n=270 ours@25=0.1001 fveTopK=0.1085 fveRand=0.0239 EXCESS=+0.0846 CI95=[+0.0819,+0.0871] P(>10%)=0.000
L18 K=25 n=270 ours@25=0.1095 fveTopK=0.1174 fveRand=0.0241 EXCESS=+0.0933 CI95=[+0.0908,+0.0959] P(>10%)=0.000
L19 K=25 n=270 ours@25=0.1178 fveTopK=0.1243 fveRand=0.0221 EXCESS=+0.1021 CI95=[+0.0991,+0.1054] P(>10%)=0.907
L20 K=25 n=270 ours@25=0.1156 fveTopK=0.1211 fveRand=0.0198 EXCESS=+0.1014 CI95=[+0.0985,+0.1043] P(>10%)=0.809
L21 K=25 n=270 ours@25=0.1242 fveTopK=0.1271 fveRand=0.0189 EXCESS=+0.1082 CI95=[+0.1058,+0.1110] P(>10%)=1.000
L22 K=25 n=270 ours@25=0.1146 fveTopK=0.1166 fveRand=0.0156 EXCESS=+0.1010 CI95=[+0.0983,+0.1039] P(>10%)=0.756
L23 K=25 n=270 ours@25=0.1056 fveTopK=0.1067 fveRand=0.0137 EXCESS=+0.0930 CI95=[+0.0910,+0.0948] P(>10%)=0.000
L24 K=25 n=270 ours@25=0.0986 fveTopK=0.0997 fveRand=0.0144 EXCESS=+0.0853 CI95=[+0.0831,+0.0879] P(>10%)=0.000
L25 K=25 n=270 ours@25=0.0904 fveTopK=0.0908 fveRand=0.0140 EXCESS=+0.0769 CI95=[+0.0749,+0.0788] P(>10%)=0.000
L26 K=25 n=270 ours@25=0.0677 fveTopK=0.0688 fveRand=0.0134 EXCESS=+0.0554 CI95=[+0.0538,+0.0571] P(>10%)=0.000

[VERDICT-INPUT] peak excess L0: +0.1542 (BREACHED the 10% ceiling)
[saved] research/arcs/04_jspace/data/paper_metric_varfrac_qwen2.5-1.5b-instruct_jlens_qwen2.5-1.5b_bf16_n100_c4en.pt
